// Jest Snapshot v1, https://goo.gl/fbAQLP

exports[`Should render ExpenseListItem with expenses 1`] = `
<Link
  className="list-item"
  to="/edit/2"
>
  <div>
    <h3
      className="list-item__title"
    >
      test two
    </h3>
    <span
      className="list-item__subtitle"
    >
      December 28th, 1969
    </span>
  </div>
  <h3
    className="list-item__data"
  >
    Â£0.01
  </h3>
</Link>
`;
